// Jest Snapshot v1, https://goo.gl/fbAQLP

exports[`should display a form for login stuff 1`] = `
<div>
  <fieldset>
    <legend>
      Auth
    </legend>
    <form>
      <label
        for="email"
      >
        Email 
      </label>
      <input
        id="email"
        name="email"
        type="email"
        value=""
      />
      <label
        for="password"
      >
        Password
      </label>
      <input
        id="password"
        name="password"
        type="password"
        value=""
      />
      <button
        type="submit"
      >
        Auth
      </button>
    </form>
  </fieldset>
</div>
`;
